1 bottle of beer on the wall, 1 bottle of beer.
Take it down and pass it around, no more bottles of beer on the wall.
